[2m11:56:28 PM[22m [31m[1m[vite][22m[39m [31m[2m(client)[22m[39m Pre-transform error: [postcss] E:/Opencode-Project/codequest/frontend/src/index.css:29:5: The `from-codequest-500` class does not exist. If `from-codequest-500` is a custom class, make sure it is defined within a `@layer` directive.
  Plugin: [35mvite:css[39m
  File: [36mE:/Opencode-Project/codequest/frontend/src/index.css[39m:29:4
[33m  27 |  @layer components {
  28 |    .btn-primary {
  29 |      @apply px-6 py-3 bg-gradient-to-r from-codequest-500 to-purple-600 
     |      ^
  30 |             text-white font-semibold rounded-xl hover:from-codequest-600 
  31 |             hover:to-purple-700 transition-all duration-200 [39m
[2m11:56:28 PM[22m [31m[1m[vite][22m[39m [31mInternal server error: [postcss] E:/Opencode-Project/codequest/frontend/src/index.css:29:5: The `from-codequest-500` class does not exist. If `from-codequest-500` is a custom class, make sure it is defined within a `@layer` directive.[39m
  Plugin: [35mvite:css[39m
  File: [36mE:/Opencode-Project/codequest/frontend/src/index.css[39m:29:4
[33m  27 |  @layer components {
  28 |    .btn-primary {
  29 |      @apply px-6 py-3 bg-gradient-to-r from-codequest-500 to-purple-600 
     |      ^
  30 |             text-white font-semibold rounded-xl hover:from-codequest-600 
  31 |             hover:to-purple-700 transition-all duration-200 [39m
      at Input.error (E:\Opencode-Project\codequest\frontend\node_modules\postcss\lib\input.js:135:16)
      at AtRule.error (E:\Opencode-Project\codequest\frontend\node_modules\postcss\lib\node.js:146:32)
      at processApply (E:\Opencode-Project\codequest\frontend\node_modules\tailwindcss\lib\lib\expandApplyAtRules.js:380:29)
      at E:\Opencode-Project\codequest\frontend\node_modules\tailwindcss\lib\lib\expandApplyAtRules.js:551:9
      at E:\Opencode-Project\codequest\frontend\node_modules\tailwindcss\lib\processTailwindFeatures.js:55:50
      at async plugins (E:\Opencode-Project\codequest\frontend\node_modules\tailwindcss\lib\plugin.js:38:17)
      at async LazyResult.runAsync (E:\Opencode-Project\codequest\frontend\node_modules\postcss\lib\lazy-result.js:293:11)
      at async runPostCSS (file:///E:/Opencode-Project/codequest/frontend/node_modules/vite/dist/node/chunks/dep-Dm0c1Wj2.js:43983:21)
      at async compilePostCSS (file:///E:/Opencode-Project/codequest/frontend/node_modules/vite/dist/node/chunks/dep-Dm0c1Wj2.js:43953:18)
      at async compileCSS (file:///E:/Opencode-Project/codequest/frontend/node_modules/vite/dist/node/chunks/dep-Dm0c1Wj2.js:43808:27)
      at async TransformPluginContext.handler (file:///E:/Opencode-Project/codequest/frontend/node_modules/vite/dist/node/chunks/dep-Dm0c1Wj2.js:43124:11)
      at async EnvironmentPluginContainer.transform (file:///E:/Opencode-Project/codequest/frontend/node_modules/vite/dist/node/chunks/dep-Dm0c1Wj2.js:42453:18)
      at async loadAndTransform (file:///E:/Opencode-Project/codequest/frontend/node_modules/vite/dist/node/chunks/dep-Dm0c1Wj2.js:35845:27)
      at async viteTransformMiddleware (file:///E:/Opencode-Project/codequest/frontend/node_modules/vite/dist/node/chunks/dep-Dm0c1Wj2.js:37369:24)
